

================================================================
== Report Version
================================================================
* Tool:          Vivado(TM) HLS - High-Level Synthesis from C, C++ and SystemC
* Version:       2012.4
* Build date:    Fri Dec 07 12:41:34 PM 2012
* Copyright (C): 2012 Xilinx Inc. All rights reserved.


================================================================
== General Information
================================================================
* Project:  IDCT
* Solution: Opt1
* Date:     Thu Nov 03 20:17:06 2016



================================================================
== User Assignments
================================================================
* Product Family:           zynq zynq_fpv6 
* Part:                     xc7z020clg484-1
* Top Model name:           IDCT_thread
* Target clock period (ns): 10.00
* Clock uncertainty (ns):   3.00


================================================================
== Performance Estimates
================================================================
+ Summary of timing analysis: 
    * Estimated clock period (ns): 6.36
+ Summary of overall latency (clock cycles): 
    * Best-case latency:    ?
    * Average-case latency: ?
    * Worst-case latency:   ?
+ Summary of loop latency (clock cycles): 
    + Loop 1: 
        * Trip count:        inf
        * Latency:           ?
        * Iteration latency: ?
        + Loop 1.1: 
            * Trip count: 1
            * Latency:    ?
            + Loop 1.1.1: 
                * Trip count: ?
                * Latency:    ?
        + Loop 1.2: 
            * Trip count: 1
            * Latency:    ?
            + Loop 1.2.1: 
                * Trip count: ?
                * Latency:    ?
        + Loop 1.3: 
            * Trip count:  ?
            * Latency:     ?
            + Loop 1.3.1: 
                * Trip count:   32
                * Latency:      ?
                + Loop 1.3.1.1: 
                    * Trip count: ?
                    * Latency:    ?
            + Loop 1.3.2: 
                * Trip count: 8
                * Latency:    16
            + Loop 1.3.3: 
                * Trip count: 8
                * Latency:    16
            + Loop 1.3.4: 
                * Trip count: 8
                * Latency:    16
            + Loop 1.3.5: 
                * Trip count: 8
                * Latency:    16
            + Loop 1.3.6: 
                * Trip count: 8
                * Latency:    16
            + Loop 1.3.7: 
                * Trip count: 8
                * Latency:    16
            + Loop 1.3.8: 
                * Trip count: 8
                * Latency:    16
            + Loop 1.3.9: 
                * Trip count: 8
                * Latency:    16
            + Loop 1.3.10: 
                * Trip count:    8
                * Latency:       512
                + Loop 1.3.10.1: 
                    * Trip count: 8
                    * Latency:    16
                + Loop 1.3.10.2: 
                    * Trip count: 8
                    * Latency:    32
            + Loop 1.3.11: 
                * Trip count:    16
                * Latency:       ?
                + Loop 1.3.11.1: 
                    * Trip count: ?
                    * Latency:    ?


================================================================
== Area Estimates
================================================================
* Summary: 
(Target device: xc7z020clg484-1)
+---+-----------------+---------+-------+--------+-------+-------+
| ID|             Name| BRAM_18K| DSP48E|      FF|    LUT|  SLICE|
+---+-----------------+---------+-------+--------+-------+-------+
|  0|        Component|        -|    168|       0|      0|      -|
|  1|       Expression|        -|      -|       0|   6499|      -|
|  2|             FIFO|        -|      -|       -|      -|      -|
|  3|           Memory|        4|      -|       0|      0|      -|
|  4|      Multiplexer|        -|      -|       -|   1604|      -|
|  5|         Register|        -|      -|    6898|      -|      -|
|  6|      ShiftMemory|        -|      -|       -|      -|      -|
+---+-----------------+---------+-------+--------+-------+-------+
|  -|            Total|        4|    168|    6898|   8103|      0|
+---+-----------------+---------+-------+--------+-------+-------+
|  -|        Available|      280|    220|  106400|  53200|  13300|
+---+-----------------+---------+-------+--------+-------+-------+
|  -|  Utilization (%)|        1|     76|       6|     15|      0|
+---+-----------------+---------+-------+--------+-------+-------+

+ Details: 
    * Component: 
    +---+-----------------------------------------------------+-------+---+----+
    | ID|                                                 Name| DSP48E| FF| LUT|
    +---+-----------------------------------------------------+-------+---+----+
    |  0|  IDCT_mul_32s_12ns_32_3_U12 (IDCT_mul_32s_12ns_32_3)|      2|  0|   0|
    |  1|  IDCT_mul_32s_12ns_32_3_U13 (IDCT_mul_32s_12ns_32_3)|      2|  0|   0|
    |  2|  IDCT_mul_32s_12ns_32_3_U20 (IDCT_mul_32s_12ns_32_3)|      2|  0|   0|
    |  3|  IDCT_mul_32s_12ns_32_3_U21 (IDCT_mul_32s_12ns_32_3)|      2|  0|   0|
    |  4|  IDCT_mul_32s_12ns_32_3_U28 (IDCT_mul_32s_12ns_32_3)|      2|  0|   0|
    |  5|  IDCT_mul_32s_12ns_32_3_U29 (IDCT_mul_32s_12ns_32_3)|      2|  0|   0|
    |  6|  IDCT_mul_32s_12ns_32_3_U36 (IDCT_mul_32s_12ns_32_3)|      2|  0|   0|
    |  7|  IDCT_mul_32s_12ns_32_3_U37 (IDCT_mul_32s_12ns_32_3)|      2|  0|   0|
    |  8|  IDCT_mul_32s_12ns_32_3_U44 (IDCT_mul_32s_12ns_32_3)|      2|  0|   0|
    |  9|  IDCT_mul_32s_12ns_32_3_U45 (IDCT_mul_32s_12ns_32_3)|      2|  0|   0|
    | 10|  IDCT_mul_32s_12ns_32_3_U52 (IDCT_mul_32s_12ns_32_3)|      2|  0|   0|
    | 11|  IDCT_mul_32s_12ns_32_3_U53 (IDCT_mul_32s_12ns_32_3)|      2|  0|   0|
    | 12|  IDCT_mul_32s_12ns_32_3_U60 (IDCT_mul_32s_12ns_32_3)|      2|  0|   0|
    | 13|  IDCT_mul_32s_12ns_32_3_U61 (IDCT_mul_32s_12ns_32_3)|      2|  0|   0|
    | 14|  IDCT_mul_32s_12ns_32_3_U68 (IDCT_mul_32s_12ns_32_3)|      2|  0|   0|
    | 15|  IDCT_mul_32s_12ns_32_3_U69 (IDCT_mul_32s_12ns_32_3)|      2|  0|   0|
    | 16|  IDCT_mul_32s_12ns_32_3_U82 (IDCT_mul_32s_12ns_32_3)|      2|  0|   0|
    | 17|  IDCT_mul_32s_12ns_32_3_U83 (IDCT_mul_32s_12ns_32_3)|      2|  0|   0|
    | 18|  IDCT_mul_32s_14ns_32_3_U10 (IDCT_mul_32s_14ns_32_3)|      2|  0|   0|
    | 19|  IDCT_mul_32s_14ns_32_3_U11 (IDCT_mul_32s_14ns_32_3)|      2|  0|   0|
    | 20|  IDCT_mul_32s_14ns_32_3_U14 (IDCT_mul_32s_14ns_32_3)|      2|  0|   0|
    | 21|  IDCT_mul_32s_14ns_32_3_U15 (IDCT_mul_32s_14ns_32_3)|      2|  0|   0|
    | 22|  IDCT_mul_32s_14ns_32_3_U16 (IDCT_mul_32s_14ns_32_3)|      2|  0|   0|
    | 23|  IDCT_mul_32s_14ns_32_3_U17 (IDCT_mul_32s_14ns_32_3)|      2|  0|   0|
    | 24|  IDCT_mul_32s_14ns_32_3_U18 (IDCT_mul_32s_14ns_32_3)|      2|  0|   0|
    | 25|  IDCT_mul_32s_14ns_32_3_U19 (IDCT_mul_32s_14ns_32_3)|      2|  0|   0|
    | 26|  IDCT_mul_32s_14ns_32_3_U22 (IDCT_mul_32s_14ns_32_3)|      2|  0|   0|
    | 27|  IDCT_mul_32s_14ns_32_3_U23 (IDCT_mul_32s_14ns_32_3)|      2|  0|   0|
    | 28|  IDCT_mul_32s_14ns_32_3_U24 (IDCT_mul_32s_14ns_32_3)|      2|  0|   0|
    | 29|  IDCT_mul_32s_14ns_32_3_U25 (IDCT_mul_32s_14ns_32_3)|      2|  0|   0|
    | 30|  IDCT_mul_32s_14ns_32_3_U26 (IDCT_mul_32s_14ns_32_3)|      2|  0|   0|
    | 31|  IDCT_mul_32s_14ns_32_3_U27 (IDCT_mul_32s_14ns_32_3)|      2|  0|   0|
    | 32|   IDCT_mul_32s_14ns_32_3_U3 (IDCT_mul_32s_14ns_32_3)|      2|  0|   0|
    | 33|  IDCT_mul_32s_14ns_32_3_U30 (IDCT_mul_32s_14ns_32_3)|      2|  0|   0|
    | 34|  IDCT_mul_32s_14ns_32_3_U31 (IDCT_mul_32s_14ns_32_3)|      2|  0|   0|
    | 35|  IDCT_mul_32s_14ns_32_3_U32 (IDCT_mul_32s_14ns_32_3)|      2|  0|   0|
    | 36|  IDCT_mul_32s_14ns_32_3_U33 (IDCT_mul_32s_14ns_32_3)|      2|  0|   0|
    | 37|  IDCT_mul_32s_14ns_32_3_U34 (IDCT_mul_32s_14ns_32_3)|      2|  0|   0|
    | 38|  IDCT_mul_32s_14ns_32_3_U35 (IDCT_mul_32s_14ns_32_3)|      2|  0|   0|
    | 39|  IDCT_mul_32s_14ns_32_3_U38 (IDCT_mul_32s_14ns_32_3)|      2|  0|   0|
    | 40|  IDCT_mul_32s_14ns_32_3_U39 (IDCT_mul_32s_14ns_32_3)|      2|  0|   0|
    | 41|  IDCT_mul_32s_14ns_32_3_U40 (IDCT_mul_32s_14ns_32_3)|      2|  0|   0|
    | 42|  IDCT_mul_32s_14ns_32_3_U41 (IDCT_mul_32s_14ns_32_3)|      2|  0|   0|
    | 43|  IDCT_mul_32s_14ns_32_3_U42 (IDCT_mul_32s_14ns_32_3)|      2|  0|   0|
    | 44|  IDCT_mul_32s_14ns_32_3_U43 (IDCT_mul_32s_14ns_32_3)|      2|  0|   0|
    | 45|  IDCT_mul_32s_14ns_32_3_U46 (IDCT_mul_32s_14ns_32_3)|      2|  0|   0|
    | 46|  IDCT_mul_32s_14ns_32_3_U47 (IDCT_mul_32s_14ns_32_3)|      2|  0|   0|
    | 47|  IDCT_mul_32s_14ns_32_3_U48 (IDCT_mul_32s_14ns_32_3)|      2|  0|   0|
    | 48|  IDCT_mul_32s_14ns_32_3_U49 (IDCT_mul_32s_14ns_32_3)|      2|  0|   0|
    | 49|  IDCT_mul_32s_14ns_32_3_U50 (IDCT_mul_32s_14ns_32_3)|      2|  0|   0|
    | 50|  IDCT_mul_32s_14ns_32_3_U51 (IDCT_mul_32s_14ns_32_3)|      2|  0|   0|
    | 51|  IDCT_mul_32s_14ns_32_3_U54 (IDCT_mul_32s_14ns_32_3)|      2|  0|   0|
    | 52|  IDCT_mul_32s_14ns_32_3_U55 (IDCT_mul_32s_14ns_32_3)|      2|  0|   0|
    | 53|  IDCT_mul_32s_14ns_32_3_U56 (IDCT_mul_32s_14ns_32_3)|      2|  0|   0|
    | 54|  IDCT_mul_32s_14ns_32_3_U57 (IDCT_mul_32s_14ns_32_3)|      2|  0|   0|
    | 55|  IDCT_mul_32s_14ns_32_3_U58 (IDCT_mul_32s_14ns_32_3)|      2|  0|   0|
    | 56|  IDCT_mul_32s_14ns_32_3_U59 (IDCT_mul_32s_14ns_32_3)|      2|  0|   0|
    | 57|   IDCT_mul_32s_14ns_32_3_U6 (IDCT_mul_32s_14ns_32_3)|      2|  0|   0|
    | 58|  IDCT_mul_32s_14ns_32_3_U62 (IDCT_mul_32s_14ns_32_3)|      2|  0|   0|
    | 59|  IDCT_mul_32s_14ns_32_3_U63 (IDCT_mul_32s_14ns_32_3)|      2|  0|   0|
    | 60|  IDCT_mul_32s_14ns_32_3_U64 (IDCT_mul_32s_14ns_32_3)|      2|  0|   0|
    | 61|  IDCT_mul_32s_14ns_32_3_U65 (IDCT_mul_32s_14ns_32_3)|      2|  0|   0|
    | 62|  IDCT_mul_32s_14ns_32_3_U66 (IDCT_mul_32s_14ns_32_3)|      2|  0|   0|
    | 63|  IDCT_mul_32s_14ns_32_3_U67 (IDCT_mul_32s_14ns_32_3)|      2|  0|   0|
    | 64|   IDCT_mul_32s_14ns_32_3_U7 (IDCT_mul_32s_14ns_32_3)|      2|  0|   0|
    | 65|  IDCT_mul_32s_14ns_32_3_U70 (IDCT_mul_32s_14ns_32_3)|      2|  0|   0|
    | 66|  IDCT_mul_32s_14ns_32_3_U73 (IDCT_mul_32s_14ns_32_3)|      2|  0|   0|
    | 67|  IDCT_mul_32s_14ns_32_3_U76 (IDCT_mul_32s_14ns_32_3)|      2|  0|   0|
    | 68|  IDCT_mul_32s_14ns_32_3_U77 (IDCT_mul_32s_14ns_32_3)|      2|  0|   0|
    | 69|  IDCT_mul_32s_14ns_32_3_U78 (IDCT_mul_32s_14ns_32_3)|      2|  0|   0|
    | 70|  IDCT_mul_32s_14ns_32_3_U79 (IDCT_mul_32s_14ns_32_3)|      2|  0|   0|
    | 71|   IDCT_mul_32s_14ns_32_3_U8 (IDCT_mul_32s_14ns_32_3)|      2|  0|   0|
    | 72|  IDCT_mul_32s_14ns_32_3_U80 (IDCT_mul_32s_14ns_32_3)|      2|  0|   0|
    | 73|  IDCT_mul_32s_14ns_32_3_U81 (IDCT_mul_32s_14ns_32_3)|      2|  0|   0|
    | 74|  IDCT_mul_32s_14ns_32_3_U84 (IDCT_mul_32s_14ns_32_3)|      2|  0|   0|
    | 75|   IDCT_mul_32s_14ns_32_3_U9 (IDCT_mul_32s_14ns_32_3)|      2|  0|   0|
    | 76|   IDCT_mul_32s_15ns_32_3_U1 (IDCT_mul_32s_15ns_32_3)|      2|  0|   0|
    | 77|   IDCT_mul_32s_15ns_32_3_U2 (IDCT_mul_32s_15ns_32_3)|      2|  0|   0|
    | 78|   IDCT_mul_32s_15ns_32_3_U4 (IDCT_mul_32s_15ns_32_3)|      2|  0|   0|
    | 79|   IDCT_mul_32s_15ns_32_3_U5 (IDCT_mul_32s_15ns_32_3)|      2|  0|   0|
    | 80|  IDCT_mul_32s_15ns_32_3_U71 (IDCT_mul_32s_15ns_32_3)|      2|  0|   0|
    | 81|  IDCT_mul_32s_15ns_32_3_U72 (IDCT_mul_32s_15ns_32_3)|      2|  0|   0|
    | 82|  IDCT_mul_32s_15ns_32_3_U74 (IDCT_mul_32s_15ns_32_3)|      2|  0|   0|
    | 83|  IDCT_mul_32s_15ns_32_3_U75 (IDCT_mul_32s_15ns_32_3)|      2|  0|   0|
    +---+-----------------------------------------------------+-------+---+----+
    |  -|                                                Total|    168|  0|   0|
    +---+-----------------------------------------------------+-------+---+----+

    * Expression: 
    +---+----------------------------------+----+----+---+---+----+
    | ID|                              Name|  P0|  P1| P2| FF| LUT|
    +---+----------------------------------+----+----+---+---+----+
    |  0|               Idct_d0 ( Select ) |   1|   8|  1|  0|   8|
    |  1|         block_1_fu_1450_p2 ( + ) |  32|   1|  -|  0|  32|
    |  2|       column_11_fu_2703_p2 ( + ) |   4|   1|  -|  0|   4|
    |  3|       column_13_fu_3001_p2 ( + ) |   4|   1|  -|  0|   4|
    |  4|       column_15_fu_3299_p2 ( + ) |   4|   1|  -|  0|   4|
    |  5|       column_17_fu_3593_p2 ( + ) |   4|   1|  -|  0|   4|
    |  6|        column_2_fu_1526_p2 ( + ) |   4|   1|  -|  0|   4|
    |  7|        column_3_fu_3895_p2 ( + ) |   4|   1|  -|  0|   4|
    |  8|        column_5_fu_1809_p2 ( + ) |   4|   1|  -|  0|   4|
    |  9|        column_7_fu_2107_p2 ( + ) |   4|   1|  -|  0|   4|
    | 10|        column_9_fu_2401_p2 ( + ) |   4|   1|  -|  0|   4|
    | 11|   exitcond10_fu_3587_p2 ( icmp ) |   4|   5|  -|  0|   5|
    | 12|   exitcond11_fu_3909_p2 ( icmp ) |   4|   5|  -|  0|   5|
    | 13|   exitcond12_fu_4421_p2 ( icmp ) |   5|   6|  -|  0|   6|
    | 14|   exitcond13_fu_4240_p2 ( icmp ) |   4|   5|  -|  0|   5|
    | 15|    exitcond1_fu_1445_p2 ( icmp ) |  32|  32|  -|  0|  40|
    | 16|    exitcond2_fu_1487_p2 ( icmp ) |   6|   7|  -|  0|   7|
    | 17|    exitcond3_fu_1520_p2 ( icmp ) |   4|   5|  -|  0|   5|
    | 18|    exitcond4_fu_1803_p2 ( icmp ) |   4|   5|  -|  0|   5|
    | 19|    exitcond5_fu_2101_p2 ( icmp ) |   4|   5|  -|  0|   5|
    | 20|    exitcond6_fu_2395_p2 ( icmp ) |   4|   5|  -|  0|   5|
    | 21|    exitcond7_fu_2697_p2 ( icmp ) |   4|   5|  -|  0|   5|
    | 22|    exitcond8_fu_2995_p2 ( icmp ) |   4|   5|  -|  0|   5|
    | 23|    exitcond9_fu_3293_p2 ( icmp ) |   4|   5|  -|  0|   5|
    | 24|     exitcond_fu_3889_p2 ( icmp ) |   4|   5|  -|  0|   5|
    | 25|             grp_fu_1341_p2 ( - ) |  32|  32|  -|  0|  32|
    | 26|             grp_fu_1347_p2 ( + ) |  32|  32|  -|  0|  32|
    | 27|             grp_fu_1353_p2 ( - ) |  32|  32|  -|  0|  32|
    | 28|             grp_fu_1359_p2 ( + ) |  32|  32|  -|  0|  32|
    | 29|             grp_fu_1385_p2 ( - ) |  32|  32|  -|  0|  32|
    | 30|             grp_fu_1391_p2 ( + ) |  32|  32|  -|  0|  32|
    | 31|             i_1_fu_1493_p2 ( + ) |   6|   1|  -|  0|   6|
    | 32|             i_3_fu_4427_p2 ( + ) |   5|   1|  -|  0|   5|
    | 33|         icmp_fu_4326_p2 ( icmp ) |  19|   1|  -|  0|  24|
    | 34|  indvar_next1_fu_1402_p2 ( xor ) |   1|   2|  -|  0|   2|
    | 35|   indvar_next_fu_1419_p2 ( xor ) |   1|   2|  -|  0|   2|
    | 36|     phitmp_fu_4336_p3 ( Select ) |   1|   8|  2|  0|   8|
    | 37|               r_fu_4304_p2 ( + ) |  27|   8|  -|  0|  27|
    | 38|           row_1_fu_3915_p2 ( + ) |   4|   1|  -|  0|   4|
    | 39|           row_3_fu_4246_p2 ( + ) |   4|   1|  -|  0|   4|
    | 40|      tmp_100_fu_4310_p2 ( icmp ) |  27|   1|  -|  0|  34|
    | 41|         tmp_104_fu_4258_p2 ( + ) |   6|   6|  -|  0|   6|
    | 42|          tmp_20_fu_1672_p2 ( - ) |  32|  32|  -|  0|  32|
    | 43|          tmp_24_fu_1686_p2 ( + ) |  32|  32|  -|  0|  32|
    | 44|          tmp_28_fu_1700_p2 ( - ) |  32|  32|  -|  0|  32|
    | 45|        tmp_29_1_fu_1966_p2 ( - ) |  32|  32|  -|  0|  32|
    | 46|        tmp_29_2_fu_2264_p2 ( - ) |  32|  32|  -|  0|  32|
    | 47|        tmp_29_3_fu_2562_p2 ( - ) |  32|  32|  -|  0|  32|
    | 48|        tmp_29_4_fu_2860_p2 ( - ) |  32|  32|  -|  0|  32|
    | 49|        tmp_29_5_fu_3158_p2 ( - ) |  32|  32|  -|  0|  32|
    | 50|        tmp_29_6_fu_3456_p2 ( - ) |  32|  32|  -|  0|  32|
    | 51|        tmp_29_7_fu_3754_p2 ( - ) |  32|  32|  -|  0|  32|
    | 52|          tmp_32_fu_1714_p2 ( + ) |  32|  32|  -|  0|  32|
    | 53|        tmp_33_1_fu_1980_p2 ( + ) |  32|  32|  -|  0|  32|
    | 54|        tmp_33_2_fu_2278_p2 ( + ) |  32|  32|  -|  0|  32|
    | 55|        tmp_33_3_fu_2576_p2 ( + ) |  32|  32|  -|  0|  32|
    | 56|        tmp_33_4_fu_2874_p2 ( + ) |  32|  32|  -|  0|  32|
    | 57|        tmp_33_5_fu_3172_p2 ( + ) |  32|  32|  -|  0|  32|
    | 58|        tmp_33_6_fu_3470_p2 ( + ) |  32|  32|  -|  0|  32|
    | 59|        tmp_33_7_fu_3768_p2 ( + ) |  32|  32|  -|  0|  32|
    | 60|          tmp_34_fu_1746_p2 ( - ) |  32|  32|  -|  0|  32|
    | 61|          tmp_35_fu_1752_p2 ( + ) |  32|  32|  -|  0|  32|
    | 62|          tmp_36_fu_1761_p2 ( - ) |  32|  32|  -|  0|  32|
    | 63|        tmp_37_1_fu_1994_p2 ( - ) |  32|  32|  -|  0|  32|
    | 64|        tmp_37_2_fu_2292_p2 ( - ) |  32|  32|  -|  0|  32|
    | 65|        tmp_37_3_fu_2590_p2 ( - ) |  32|  32|  -|  0|  32|
    | 66|        tmp_37_4_fu_2888_p2 ( - ) |  32|  32|  -|  0|  32|
    | 67|        tmp_37_5_fu_3186_p2 ( - ) |  32|  32|  -|  0|  32|
    | 68|        tmp_37_6_fu_3484_p2 ( - ) |  32|  32|  -|  0|  32|
    | 69|        tmp_37_7_fu_3782_p2 ( - ) |  32|  32|  -|  0|  32|
    | 70|          tmp_37_fu_1767_p2 ( + ) |  32|  32|  -|  0|  32|
    | 71|          tmp_39_fu_1776_p2 ( - ) |  32|  32|  -|  0|  32|
    | 72|          tmp_40_fu_1782_p2 ( + ) |  32|  32|  -|  0|  32|
    | 73|        tmp_41_1_fu_2008_p2 ( + ) |  32|  32|  -|  0|  32|
    | 74|        tmp_41_2_fu_2306_p2 ( + ) |  32|  32|  -|  0|  32|
    | 75|        tmp_41_3_fu_2604_p2 ( + ) |  32|  32|  -|  0|  32|
    | 76|        tmp_41_4_fu_2902_p2 ( + ) |  32|  32|  -|  0|  32|
    | 77|        tmp_41_5_fu_3200_p2 ( + ) |  32|  32|  -|  0|  32|
    | 78|        tmp_41_6_fu_3498_p2 ( + ) |  32|  32|  -|  0|  32|
    | 79|        tmp_41_7_fu_3796_p2 ( + ) |  32|  32|  -|  0|  32|
    | 80|          tmp_41_fu_1791_p2 ( - ) |  32|  32|  -|  0|  32|
    | 81|          tmp_42_fu_1797_p2 ( + ) |  32|  32|  -|  0|  32|
    | 82|        tmp_43_1_fu_2040_p2 ( - ) |  32|  32|  -|  0|  32|
    | 83|        tmp_43_2_fu_2338_p2 ( - ) |  32|  32|  -|  0|  32|
    | 84|        tmp_43_3_fu_2636_p2 ( - ) |  32|  32|  -|  0|  32|
    | 85|        tmp_43_4_fu_2934_p2 ( - ) |  32|  32|  -|  0|  32|
    | 86|        tmp_43_5_fu_3232_p2 ( - ) |  32|  32|  -|  0|  32|
    | 87|        tmp_43_6_fu_3530_p2 ( - ) |  32|  32|  -|  0|  32|
    | 88|        tmp_43_7_fu_3828_p2 ( - ) |  32|  32|  -|  0|  32|
    | 89|        tmp_44_1_fu_2046_p2 ( + ) |  32|  32|  -|  0|  32|
    | 90|        tmp_44_2_fu_2344_p2 ( + ) |  32|  32|  -|  0|  32|
    | 91|        tmp_44_3_fu_2642_p2 ( + ) |  32|  32|  -|  0|  32|
    | 92|        tmp_44_4_fu_2940_p2 ( + ) |  32|  32|  -|  0|  32|
    | 93|        tmp_44_5_fu_3238_p2 ( + ) |  32|  32|  -|  0|  32|
    | 94|        tmp_44_6_fu_3536_p2 ( + ) |  32|  32|  -|  0|  32|
    | 95|        tmp_44_7_fu_3834_p2 ( + ) |  32|  32|  -|  0|  32|
    | 96|        tmp_45_1_fu_2055_p2 ( - ) |  32|  32|  -|  0|  32|
    | 97|        tmp_45_2_fu_2353_p2 ( - ) |  32|  32|  -|  0|  32|
    | 98|        tmp_45_3_fu_2651_p2 ( - ) |  32|  32|  -|  0|  32|
    | 99|        tmp_45_4_fu_2949_p2 ( - ) |  32|  32|  -|  0|  32|
    |100|        tmp_45_5_fu_3247_p2 ( - ) |  32|  32|  -|  0|  32|
    |101|        tmp_45_6_fu_3545_p2 ( - ) |  32|  32|  -|  0|  32|
    |102|        tmp_45_7_fu_3843_p2 ( - ) |  32|  32|  -|  0|  32|
    |103|        tmp_46_1_fu_2061_p2 ( + ) |  32|  32|  -|  0|  32|
    |104|        tmp_46_2_fu_2359_p2 ( + ) |  32|  32|  -|  0|  32|
    |105|        tmp_46_3_fu_2657_p2 ( + ) |  32|  32|  -|  0|  32|
    |106|        tmp_46_4_fu_2955_p2 ( + ) |  32|  32|  -|  0|  32|
    |107|        tmp_46_5_fu_3253_p2 ( + ) |  32|  32|  -|  0|  32|
    |108|        tmp_46_6_fu_3551_p2 ( + ) |  32|  32|  -|  0|  32|
    |109|        tmp_46_7_fu_3849_p2 ( + ) |  32|  32|  -|  0|  32|
    |110|        tmp_47_1_fu_2070_p2 ( - ) |  32|  32|  -|  0|  32|
    |111|        tmp_47_2_fu_2368_p2 ( - ) |  32|  32|  -|  0|  32|
    |112|        tmp_47_3_fu_2666_p2 ( - ) |  32|  32|  -|  0|  32|
    |113|        tmp_47_4_fu_2964_p2 ( - ) |  32|  32|  -|  0|  32|
    |114|        tmp_47_5_fu_3262_p2 ( - ) |  32|  32|  -|  0|  32|
    |115|        tmp_47_6_fu_3560_p2 ( - ) |  32|  32|  -|  0|  32|
    |116|        tmp_47_7_fu_3858_p2 ( - ) |  32|  32|  -|  0|  32|
    |117|        tmp_48_1_fu_2076_p2 ( + ) |  32|  32|  -|  0|  32|
    |118|        tmp_48_2_fu_2374_p2 ( + ) |  32|  32|  -|  0|  32|
    |119|        tmp_48_3_fu_2672_p2 ( + ) |  32|  32|  -|  0|  32|
    |120|        tmp_48_4_fu_2970_p2 ( + ) |  32|  32|  -|  0|  32|
    |121|        tmp_48_5_fu_3268_p2 ( + ) |  32|  32|  -|  0|  32|
    |122|        tmp_48_6_fu_3566_p2 ( + ) |  32|  32|  -|  0|  32|
    |123|        tmp_48_7_fu_3864_p2 ( + ) |  32|  32|  -|  0|  32|
    |124|        tmp_49_1_fu_2085_p2 ( - ) |  32|  32|  -|  0|  32|
    |125|        tmp_49_2_fu_2383_p2 ( - ) |  32|  32|  -|  0|  32|
    |126|        tmp_49_3_fu_2681_p2 ( - ) |  32|  32|  -|  0|  32|
    |127|        tmp_49_4_fu_2979_p2 ( - ) |  32|  32|  -|  0|  32|
    |128|        tmp_49_5_fu_3277_p2 ( - ) |  32|  32|  -|  0|  32|
    |129|        tmp_49_6_fu_3575_p2 ( - ) |  32|  32|  -|  0|  32|
    |130|        tmp_49_7_fu_3873_p2 ( - ) |  32|  32|  -|  0|  32|
    |131|        tmp_4_fu_1408_p2 ( icmp ) |  32|   1|  -|  0|  40|
    |132|        tmp_50_1_fu_2091_p2 ( + ) |  32|  32|  -|  0|  32|
    |133|        tmp_50_2_fu_2389_p2 ( + ) |  32|  32|  -|  0|  32|
    |134|        tmp_50_3_fu_2687_p2 ( + ) |  32|  32|  -|  0|  32|
    |135|        tmp_50_4_fu_2985_p2 ( + ) |  32|  32|  -|  0|  32|
    |136|        tmp_50_5_fu_3283_p2 ( + ) |  32|  32|  -|  0|  32|
    |137|        tmp_50_6_fu_3581_p2 ( + ) |  32|  32|  -|  0|  32|
    |138|        tmp_50_7_fu_3879_p2 ( + ) |  32|  32|  -|  0|  32|
    |139|      tmp_51_1_fu_1815_p2 ( xor ) |   4|   5|  -|  0|   7|
    |140|       tmp_51_2_fu_2709_p2 ( or ) |   6|   7|  -|  0|   8|
    |141|      tmp_51_3_fu_2407_p2 ( xor ) |   4|   5|  -|  0|   7|
    |142|       tmp_51_4_fu_3305_p2 ( or ) |   6|   6|  -|  0|   8|
    |143|        tmp_51_5_fu_3007_p2 ( + ) |   6|   6|  -|  0|   6|
    |144|      tmp_51_7_fu_3599_p2 ( xor ) |   4|   5|  -|  0|   7|
    |145|       tmp_51_s_fu_2113_p2 ( or ) |   5|   6|  -|  0|   8|
    |146|          tmp_55_fu_4059_p2 ( - ) |  32|  32|  -|  0|  32|
    |147|          tmp_59_fu_4073_p2 ( + ) |  32|  32|  -|  0|  32|
    |148|          tmp_73_fu_4102_p2 ( - ) |  32|  32|  -|  0|  32|
    |149|          tmp_77_fu_4116_p2 ( + ) |  32|  32|  -|  0|  32|
    |150|          tmp_81_fu_4130_p2 ( - ) |  32|  32|  -|  0|  32|
    |151|          tmp_85_fu_4144_p2 ( + ) |  32|  32|  -|  0|  32|
    |152|          tmp_87_fu_4174_p2 ( - ) |  32|  32|  -|  0|  32|
    |153|          tmp_88_fu_4180_p2 ( + ) |  32|  32|  -|  0|  32|
    |154|          tmp_89_fu_4189_p2 ( - ) |  32|  32|  -|  0|  32|
    |155|        tmp_8_fu_1425_p2 ( icmp ) |  32|   2|  -|  0|  40|
    |156|          tmp_90_fu_4195_p2 ( + ) |  32|  32|  -|  0|  32|
    |157|          tmp_91_fu_4204_p2 ( - ) |  32|  32|  -|  0|  32|
    |158|          tmp_92_fu_4210_p2 ( + ) |  32|  32|  -|  0|  32|
    |159|          tmp_93_fu_4219_p2 ( - ) |  32|  32|  -|  0|  32|
    |160|          tmp_94_fu_4225_p2 ( + ) |  32|  32|  -|  0|  32|
    |161|          tmp_96_fu_3927_p2 ( + ) |   6|   6|  -|  0|   6|
    |162|          tmp_98_fu_4285_p2 ( + ) |  32|  32|  -|  0|  32|
    |163|           tmp_fu_4275_p2 ( xor ) |   6|   7|  -|  0|   8|
    |164|     x_assign_10_fu_2767_p2 ( + ) |  32|  32|  -|  0|  32|
    |165|     x_assign_11_fu_2773_p2 ( - ) |  32|  32|  -|  0|  32|
    |166|     x_assign_12_fu_3065_p2 ( + ) |  32|  32|  -|  0|  32|
    |167|     x_assign_13_fu_3071_p2 ( - ) |  32|  32|  -|  0|  32|
    |168|     x_assign_14_fu_3363_p2 ( + ) |  32|  32|  -|  0|  32|
    |169|     x_assign_15_fu_3369_p2 ( - ) |  32|  32|  -|  0|  32|
    |170|     x_assign_16_fu_3661_p2 ( + ) |  32|  32|  -|  0|  32|
    |171|     x_assign_17_fu_3667_p2 ( - ) |  32|  32|  -|  0|  32|
    |172|      x_assign_1_fu_1579_p2 ( + ) |  32|  32|  -|  0|  32|
    |173|      x_assign_2_fu_1585_p2 ( - ) |  32|  32|  -|  0|  32|
    |174|      x_assign_3_fu_2469_p2 ( + ) |  32|  32|  -|  0|  32|
    |175|      x_assign_4_fu_4001_p2 ( + ) |  32|  32|  -|  0|  32|
    |176|      x_assign_5_fu_4007_p2 ( - ) |  32|  32|  -|  0|  32|
    |177|      x_assign_6_fu_1873_p2 ( + ) |  32|  32|  -|  0|  32|
    |178|      x_assign_7_fu_1879_p2 ( - ) |  32|  32|  -|  0|  32|
    |179|      x_assign_8_fu_2475_p2 ( - ) |  32|  32|  -|  0|  32|
    |180|      x_assign_9_fu_2177_p2 ( - ) |  32|  32|  -|  0|  32|
    |181|      x_assign_s_fu_2171_p2 ( + ) |  32|  32|  -|  0|  32|
    |182|     y_assign_10_fu_2761_p2 ( - ) |  32|  32|  -|  0|  32|
    |183|     y_assign_11_fu_2779_p2 ( + ) |  32|  32|  -|  0|  32|
    |184|     y_assign_12_fu_3059_p2 ( - ) |  32|  32|  -|  0|  32|
    |185|     y_assign_13_fu_3077_p2 ( + ) |  32|  32|  -|  0|  32|
    |186|     y_assign_14_fu_3357_p2 ( - ) |  32|  32|  -|  0|  32|
    |187|     y_assign_15_fu_3375_p2 ( + ) |  32|  32|  -|  0|  32|
    |188|     y_assign_16_fu_3655_p2 ( - ) |  32|  32|  -|  0|  32|
    |189|     y_assign_17_fu_3673_p2 ( + ) |  32|  32|  -|  0|  32|
    |190|      y_assign_1_fu_1591_p2 ( + ) |  32|  32|  -|  0|  32|
    |191|      y_assign_2_fu_1573_p2 ( - ) |  32|  32|  -|  0|  32|
    |192|      y_assign_3_fu_2463_p2 ( - ) |  32|  32|  -|  0|  32|
    |193|      y_assign_4_fu_4013_p2 ( + ) |  32|  32|  -|  0|  32|
    |194|      y_assign_5_fu_3995_p2 ( - ) |  32|  32|  -|  0|  32|
    |195|      y_assign_6_fu_1885_p2 ( + ) |  32|  32|  -|  0|  32|
    |196|      y_assign_7_fu_1867_p2 ( - ) |  32|  32|  -|  0|  32|
    |197|      y_assign_8_fu_2481_p2 ( + ) |  32|  32|  -|  0|  32|
    |198|      y_assign_9_fu_2183_p2 ( + ) |  32|  32|  -|  0|  32|
    |199|      y_assign_s_fu_2165_p2 ( - ) |  32|  32|  -|  0|  32|
    |200|          z3_0_1_fu_1960_p2 ( + ) |  32|  32|  -|  0|  32|
    |201|          z3_0_2_fu_2258_p2 ( + ) |  32|  32|  -|  0|  32|
    |202|          z3_0_3_fu_2556_p2 ( + ) |  32|  32|  -|  0|  32|
    |203|          z3_0_4_fu_2854_p2 ( + ) |  32|  32|  -|  0|  32|
    |204|          z3_0_5_fu_3152_p2 ( + ) |  32|  32|  -|  0|  32|
    |205|          z3_0_6_fu_3450_p2 ( + ) |  32|  32|  -|  0|  32|
    |206|          z3_0_7_fu_3748_p2 ( + ) |  32|  32|  -|  0|  32|
    |207|          z3_0_8_fu_4096_p2 ( + ) |  32|  32|  -|  0|  32|
    |208|            z3_0_fu_1666_p2 ( + ) |  32|  32|  -|  0|  32|
    |209|          z3_1_1_fu_2031_p2 ( + ) |  32|  32|  -|  0|  32|
    |210|          z3_1_2_fu_2329_p2 ( + ) |  32|  32|  -|  0|  32|
    |211|          z3_1_3_fu_2627_p2 ( + ) |  32|  32|  -|  0|  32|
    |212|          z3_1_4_fu_2925_p2 ( + ) |  32|  32|  -|  0|  32|
    |213|          z3_1_5_fu_3223_p2 ( + ) |  32|  32|  -|  0|  32|
    |214|          z3_1_6_fu_3521_p2 ( + ) |  32|  32|  -|  0|  32|
    |215|          z3_1_7_fu_3819_p2 ( + ) |  32|  32|  -|  0|  32|
    |216|          z3_1_8_fu_4166_p2 ( + ) |  32|  32|  -|  0|  32|
    |217|            z3_1_fu_1737_p2 ( + ) |  32|  32|  -|  0|  32|
    |218|          z3_2_1_fu_2025_p2 ( - ) |  32|  32|  -|  0|  32|
    |219|          z3_2_2_fu_2323_p2 ( - ) |  32|  32|  -|  0|  32|
    |220|          z3_2_3_fu_2621_p2 ( - ) |  32|  32|  -|  0|  32|
    |221|          z3_2_4_fu_2919_p2 ( - ) |  32|  32|  -|  0|  32|
    |222|          z3_2_5_fu_3217_p2 ( - ) |  32|  32|  -|  0|  32|
    |223|          z3_2_6_fu_3515_p2 ( - ) |  32|  32|  -|  0|  32|
    |224|          z3_2_7_fu_3813_p2 ( - ) |  32|  32|  -|  0|  32|
    |225|          z3_2_8_fu_4161_p2 ( - ) |  32|  32|  -|  0|  32|
    |226|            z3_2_fu_1731_p2 ( - ) |  32|  32|  -|  0|  32|
    |227|          z3_3_1_fu_1954_p2 ( - ) |  32|  32|  -|  0|  32|
    |228|          z3_3_2_fu_2252_p2 ( - ) |  32|  32|  -|  0|  32|
    |229|          z3_3_3_fu_2550_p2 ( - ) |  32|  32|  -|  0|  32|
    |230|          z3_3_4_fu_2848_p2 ( - ) |  32|  32|  -|  0|  32|
    |231|          z3_3_5_fu_3146_p2 ( - ) |  32|  32|  -|  0|  32|
    |232|          z3_3_6_fu_3444_p2 ( - ) |  32|  32|  -|  0|  32|
    |233|          z3_3_7_fu_3742_p2 ( - ) |  32|  32|  -|  0|  32|
    |234|          z3_3_8_fu_4090_p2 ( - ) |  32|  32|  -|  0|  32|
    |235|            z3_3_fu_1660_p2 ( - ) |  32|  32|  -|  0|  32|
    +---+----------------------------------+----+----+---+---+----+
    |  -|                             Total|6416|6254|  3|  0|6499|
    +---+----------------------------------+----+----+---+---+----+

    * FIFO: 
    N/A

    * Memory: 
    +---+--------+------+-----+------+-------------+---------+---+----+
    | ID|    Name| Words| Bits| Banks| W*Bits*Banks| BRAM_18K| FF| LUT|
    +---+--------+------+-----+------+-------------+---------+---+----+
    |  0|  Idct_U|    64|    8|     1|          512|        1|  0|   0|
    |  1|     Y_U|    64|   32|     1|         2048|        1|  0|   0|
    |  2|    Yc_U|     8|   32|     1|          256|        1|  0|   0|
    |  3|    in_U|    64|   16|     1|         1024|        1|  0|   0|
    +---+--------+------+-----+------+-------------+---------+---+----+
    |  -|   Total|   200|   88|     4|         3840|        4|  0|   0|
    +---+--------+------+-----+------+-------------+---------+---+----+

    * Multiplexer: 
    +---+--------------------+-----+-----+------+-----+
    | ID|                Name| Size| Bits| Count|  LUT|
    +---+--------------------+-----+-----+------+-----+
    |  0|       Idct_address0|    3|    6|    18|    6|
    |  1|       Idct_address1|    2|    6|    12|    6|
    |  2|      NBLOCKS_fu_302|    2|   32|    64|   32|
    |  3|     WriteDataPort_0|    2|   32|    64|   32|
    |  4|          Y_address0|   65|    6|   390|  126|
    |  5|          Y_address1|   56|    6|   336|  102|
    |  6|                Y_d0|   40|   32|  1280|  384|
    |  7|                Y_d1|   32|   32|  1024|  320|
    |  8|         Yc_address0|    9|    3|    27|    6|
    |  9|         Yc_address1|    7|    3|    21|    3|
    | 10|               Yc_d0|    5|   32|   160|   32|
    | 11|               Yc_d1|    4|   32|   128|   32|
    | 12|           ap_NS_fsm|  165|    8|  1320|  424|
    | 13|      block_reg_1123|    2|   32|    64|   32|
    | 14|  column_10_reg_1189|    2|    4|     8|    4|
    | 15|  column_12_reg_1200|    2|    4|     8|    4|
    | 16|  column_14_reg_1211|    2|    4|     8|    4|
    | 17|  column_16_reg_1222|    2|    4|     8|    4|
    | 18|   column_1_reg_1145|    2|    4|     8|    4|
    | 19|   column_4_reg_1156|    2|    4|     8|    4|
    | 20|   column_6_reg_1167|    2|    4|     8|    4|
    | 21|   column_8_reg_1178|    2|    4|     8|    4|
    | 22|     column_reg_1233|    2|    4|     8|    4|
    | 23|        i_2_reg_1266|    2|    5|    10|    5|
    | 24|          i_reg_1134|    2|    6|    12|    6|
    | 25|         in_address0|    9|    6|    54|   12|
    | 26|      row_2_reg_1255|    2|    4|     8|    4|
    | 27|        row_reg_1244|    2|    4|     8|    4|
    +---+--------------------+-----+-----+------+-----+
    |  -|               Total|  429|  323|  5072| 1604|
    +---+--------------------+-----+-----+------+-----+

    * Register: 
    +---+-------------------------------------+-----+-------+----+
    | ID|                                 Name| Bits| Consts|  FF|
    +---+-------------------------------------+-----+-------+----+
    |  0|                 Idct_addr_1_reg_6341|    6|      0|   6|
    |  1|                 Idct_addr_2_reg_6346|    6|      0|   6|
    |  2|                 Idct_addr_3_reg_6351|    6|      0|   6|
    |  3|                 Idct_addr_4_reg_6356|    6|      2|   4|
    |  4|                 Idct_load_1_reg_6377|    8|      0|   8|
    |  5|                   Idct_load_reg_6372|    8|      0|   8|
    |  6|                       NBLOCKS_fu_302|   32|      0|  32|
    |  7|                   Y_addr_10_reg_4529|    6|      6|   0|
    |  8|                   Y_addr_11_reg_4535|    6|      6|   0|
    |  9|                   Y_addr_12_reg_4540|    6|      6|   0|
    | 10|                   Y_addr_13_reg_4545|    6|      6|   0|
    | 11|                   Y_addr_14_reg_4551|    6|      6|   0|
    | 12|                   Y_addr_15_reg_4557|    6|      6|   0|
    | 13|                   Y_addr_16_reg_4563|    6|      6|   0|
    | 14|                   Y_addr_18_reg_4523|    6|      6|   0|
    | 15|                   Y_addr_19_reg_4575|    6|      6|   0|
    | 16|                    Y_addr_1_reg_4489|    6|      6|   0|
    | 17|                   Y_addr_20_reg_4581|    6|      6|   0|
    | 18|                   Y_addr_21_reg_4586|    6|      6|   0|
    | 19|                   Y_addr_22_reg_4591|    6|      6|   0|
    | 20|                   Y_addr_23_reg_4597|    6|      6|   0|
    | 21|                   Y_addr_24_reg_4603|    6|      6|   0|
    | 22|                   Y_addr_25_reg_4609|    6|      6|   0|
    | 23|                   Y_addr_27_reg_4569|    6|      6|   0|
    | 24|                   Y_addr_28_reg_4621|    6|      6|   0|
    | 25|                   Y_addr_29_reg_4627|    6|      6|   0|
    | 26|                    Y_addr_2_reg_4494|    6|      6|   0|
    | 27|                   Y_addr_30_reg_4632|    6|      6|   0|
    | 28|                   Y_addr_31_reg_4637|    6|      6|   0|
    | 29|                   Y_addr_32_reg_4643|    6|      6|   0|
    | 30|                   Y_addr_33_reg_4649|    6|      6|   0|
    | 31|                   Y_addr_34_reg_4655|    6|      6|   0|
    | 32|                   Y_addr_36_reg_4615|    6|      6|   0|
    | 33|                   Y_addr_37_reg_4667|    6|      6|   0|
    | 34|                   Y_addr_38_reg_4673|    6|      6|   0|
    | 35|                   Y_addr_39_reg_4678|    6|      6|   0|
    | 36|                    Y_addr_3_reg_4499|    6|      6|   0|
    | 37|                   Y_addr_40_reg_4683|    6|      6|   0|
    | 38|                   Y_addr_41_reg_4689|    6|      6|   0|
    | 39|                   Y_addr_42_reg_4695|    6|      6|   0|
    | 40|                   Y_addr_43_reg_4701|    6|      6|   0|
    | 41|                   Y_addr_45_reg_4661|    6|      6|   0|
    | 42|                   Y_addr_46_reg_4713|    6|      6|   0|
    | 43|                   Y_addr_47_reg_4719|    6|      6|   0|
    | 44|                   Y_addr_48_reg_4724|    6|      6|   0|
    | 45|                   Y_addr_49_reg_4729|    6|      6|   0|
    | 46|                    Y_addr_4_reg_4505|    6|      6|   0|
    | 47|                   Y_addr_50_reg_4735|    6|      6|   0|
    | 48|                   Y_addr_51_reg_4741|    6|      6|   0|
    | 49|                   Y_addr_52_reg_4747|    6|      6|   0|
    | 50|                   Y_addr_54_reg_4707|    6|      6|   0|
    | 51|                   Y_addr_55_reg_4759|    6|      6|   0|
    | 52|                   Y_addr_56_reg_4765|    6|      6|   0|
    | 53|                   Y_addr_57_reg_4770|    6|      6|   0|
    | 54|                   Y_addr_58_reg_4775|    6|      6|   0|
    | 55|                   Y_addr_59_reg_4781|    6|      6|   0|
    | 56|                    Y_addr_5_reg_4511|    6|      6|   0|
    | 57|                   Y_addr_60_reg_4787|    6|      6|   0|
    | 58|                   Y_addr_61_reg_4793|    6|      6|   0|
    | 59|                   Y_addr_63_reg_4753|    6|      6|   0|
    | 60|                   Y_addr_64_reg_4805|    6|      6|   0|
    | 61|                   Y_addr_65_reg_4811|    6|      6|   0|
    | 62|                   Y_addr_66_reg_4816|    6|      6|   0|
    | 63|                   Y_addr_67_reg_4821|    6|      6|   0|
    | 64|                   Y_addr_68_reg_4827|    6|      6|   0|
    | 65|                   Y_addr_69_reg_4833|    6|      6|   0|
    | 66|                    Y_addr_6_reg_4517|    6|      6|   0|
    | 67|                   Y_addr_70_reg_4839|    6|      6|   0|
    | 68|                   Y_addr_72_reg_4799|    6|      6|   0|
    | 69|                    Y_addr_9_reg_4477|    6|      6|   0|
    | 70|                      Y_addr_reg_4483|    6|      6|   0|
    | 71|                   Yc_addr_1_reg_4851|    3|      3|   0|
    | 72|                   Yc_addr_2_reg_4856|    3|      3|   0|
    | 73|                   Yc_addr_3_reg_4861|    3|      3|   0|
    | 74|                   Yc_addr_4_reg_4867|    3|      3|   0|
    | 75|                   Yc_addr_5_reg_4873|    3|      3|   0|
    | 76|                   Yc_addr_6_reg_4879|    3|      3|   0|
    | 77|                   Yc_addr_9_reg_4471|    3|      3|   0|
    | 78|                     Yc_addr_reg_4845|    3|      3|   0|
    | 79|                   Yc_load_2_reg_6142|   32|      0|  32|
    | 80|                   Yc_load_8_reg_6148|   32|      0|  32|
    | 81|                            ap_CS_fsm|    8|      0|   8|
    | 82|                     block_1_reg_4916|   32|      0|  32|
    | 83|                       block_reg_1123|   32|      0|  32|
    | 84|                   column_10_reg_1189|    4|      0|   4|
    | 85|                   column_11_reg_5529|    4|      0|   4|
    | 86|                   column_12_reg_1200|    4|      0|   4|
    | 87|                   column_13_reg_5675|    4|      0|   4|
    | 88|                   column_14_reg_1211|    4|      0|   4|
    | 89|                   column_15_reg_5821|    4|      0|   4|
    | 90|                   column_16_reg_1222|    4|      0|   4|
    | 91|                   column_17_reg_5967|    4|      0|   4|
    | 92|               column_1_cast_reg_4942|   32|     28|   4|
    | 93|                    column_1_reg_1145|    4|      0|   4|
    | 94|                    column_2_reg_4950|    4|      0|   4|
    | 95|                    column_3_reg_6119|    4|      0|   4|
    | 96|                    column_4_reg_1156|    4|      0|   4|
    | 97|                    column_5_reg_5091|    4|      0|   4|
    | 98|                    column_6_reg_1167|    4|      0|   4|
    | 99|                    column_7_reg_5237|    4|      0|   4|
    |100|                    column_8_reg_1178|    4|      0|   4|
    |101|                    column_9_reg_5383|    4|      0|   4|
    |102|                 column_cast_reg_6110|    6|      2|   4|
    |103|                      column_reg_1233|    4|      0|   4|
    |104|                         i_1_reg_4934|    6|      0|   6|
    |105|                         i_2_reg_1266|    5|      0|   5|
    |106|                         i_3_reg_6364|    5|      0|   5|
    |107|                           i_reg_1134|    6|      0|   6|
    |108|                   in_addr_8_reg_4926|    6|      1|   5|
    |109|                     indvar1_reg_1101|    1|      0|   1|
    |110|                indvar_next1_reg_4885|    1|      0|   1|
    |111|                 indvar_next_reg_4897|    1|      0|   1|
    |112|                      indvar_reg_1112|    1|      0|   1|
    |113|                      phitmp_reg_6336|    8|      0|   8|
    |114|  ptData3_0_sum238241_i_cast_reg_4921|   32|     25|   7|
    |115|                             reg_1281|   32|      0|  32|
    |116|                             reg_1285|   32|      0|  32|
    |117|                             reg_1289|   32|      0|  32|
    |118|                             reg_1293|   32|      0|  32|
    |119|                             reg_1297|   32|      0|  32|
    |120|                             reg_1301|   32|      0|  32|
    |121|                             reg_1365|   32|      0|  32|
    |122|                             reg_1369|   32|      0|  32|
    |123|                             reg_1373|   32|      0|  32|
    |124|                             reg_1377|   32|      0|  32|
    |125|                             reg_1381|   32|      0|  32|
    |126|                       row_1_reg_6132|    4|      0|   4|
    |127|                       row_2_reg_1255|    4|      0|   4|
    |128|                       row_3_reg_6311|    4|      0|   4|
    |129|                    row_cast_reg_6124|   32|     28|   4|
    |130|                         row_reg_1244|    4|      0|   4|
    |131|                        tmp1_reg_4905|   32|      1|  31|
    |132|                     tmp_100_reg_6331|    1|      0|   1|
    |133|                     tmp_104_reg_6321|    6|      0|   6|
    |134|                     tmp_105_reg_5578|   18|      0|  18|
    |135|                     tmp_106_reg_5583|   18|      0|  18|
    |136|                     tmp_107_reg_5544|   18|      0|  18|
    |137|                     tmp_108_reg_5549|   18|      0|  18|
    |138|                     tmp_109_reg_5640|   18|      0|  18|
    |139|                     tmp_110_reg_5645|   18|      0|  18|
    |140|                     tmp_111_reg_5650|   18|      0|  18|
    |141|                     tmp_112_reg_5655|   18|      0|  18|
    |142|                     tmp_114_reg_5724|   18|      0|  18|
    |143|                     tmp_115_reg_5729|   18|      0|  18|
    |144|                     tmp_116_reg_5690|   18|      0|  18|
    |145|                     tmp_117_reg_5695|   18|      0|  18|
    |146|                     tmp_118_reg_5786|   18|      0|  18|
    |147|                     tmp_119_reg_5791|   18|      0|  18|
    |148|                     tmp_120_reg_5796|   18|      0|  18|
    |149|                     tmp_121_reg_5801|   18|      0|  18|
    |150|                     tmp_123_reg_5870|   18|      0|  18|
    |151|                     tmp_124_reg_5875|   18|      0|  18|
    |152|                     tmp_125_reg_5836|   18|      0|  18|
    |153|                     tmp_126_reg_5841|   18|      0|  18|
    |154|                     tmp_127_reg_5932|   18|      0|  18|
    |155|                     tmp_128_reg_5937|   18|      0|  18|
    |156|                     tmp_129_reg_5942|   18|      0|  18|
    |157|                     tmp_130_reg_5947|   18|      0|  18|
    |158|                     tmp_132_reg_6016|   18|      0|  18|
    |159|                     tmp_133_reg_6021|   18|      0|  18|
    |160|                     tmp_134_reg_5982|   18|      0|  18|
    |161|                     tmp_135_reg_5987|   18|      0|  18|
    |162|                     tmp_136_reg_6078|   18|      0|  18|
    |163|                     tmp_137_reg_6083|   18|      0|  18|
    |164|                     tmp_138_reg_6088|   18|      0|  18|
    |165|                     tmp_139_reg_6093|   18|      0|  18|
    |166|                      tmp_13_reg_4999|   18|      0|  18|
    |167|                     tmp_140_reg_6208|   18|      0|  18|
    |168|                     tmp_141_reg_6213|   18|      0|  18|
    |169|                     tmp_142_reg_6154|   18|      0|  18|
    |170|                     tmp_143_reg_6159|   18|      0|  18|
    |171|                     tmp_144_reg_6276|   18|      0|  18|
    |172|                     tmp_145_reg_6281|   18|      0|  18|
    |173|                     tmp_146_reg_6286|   18|      0|  18|
    |174|                     tmp_147_reg_6291|   18|      0|  18|
    |175|                     tmp_150_reg_6326|   26|      0|  26|
    |176|                      tmp_15_reg_4960|   18|      0|  18|
    |177|                      tmp_17_reg_4965|   18|      0|  18|
    |178|                      tmp_18_reg_5004|   32|      0|  32|
    |179|                      tmp_19_reg_5009|   32|      0|  32|
    |180|                      tmp_21_reg_5056|   18|      0|  18|
    |181|                      tmp_22_reg_5014|   32|      0|  32|
    |182|                      tmp_23_reg_5019|   32|      0|  32|
    |183|                      tmp_25_reg_5061|   18|      0|  18|
    |184|                      tmp_26_reg_5024|   32|      0|  32|
    |185|                    tmp_27_1_reg_5150|   32|      0|  32|
    |186|                    tmp_27_2_reg_5296|   32|      0|  32|
    |187|                    tmp_27_3_reg_5442|   32|      0|  32|
    |188|                    tmp_27_4_reg_5588|   32|      0|  32|
    |189|                    tmp_27_5_reg_5734|   32|      0|  32|
    |190|                    tmp_27_6_reg_5880|   32|      0|  32|
    |191|                    tmp_27_7_reg_6026|   32|      0|  32|
    |192|                      tmp_27_reg_5029|   32|      0|  32|
    |193|                    tmp_28_1_reg_5155|   32|      0|  32|
    |194|                    tmp_28_2_reg_5301|   32|      0|  32|
    |195|                    tmp_28_3_reg_5447|   32|      0|  32|
    |196|                    tmp_28_4_reg_5593|   32|      0|  32|
    |197|                    tmp_28_5_reg_5739|   32|      0|  32|
    |198|                    tmp_28_6_reg_5885|   32|      0|  32|
    |199|                    tmp_28_7_reg_6031|   32|      0|  32|
    |200|                      tmp_29_reg_5066|   18|      0|  18|
    |201|                      tmp_30_reg_5034|   32|      0|  32|
    |202|                    tmp_31_1_reg_5160|   32|      0|  32|
    |203|                    tmp_31_2_reg_5306|   32|      0|  32|
    |204|                    tmp_31_3_reg_5452|   32|      0|  32|
    |205|                    tmp_31_4_reg_5598|   32|      0|  32|
    |206|                    tmp_31_5_reg_5744|   32|      0|  32|
    |207|                    tmp_31_6_reg_5890|   32|      0|  32|
    |208|                    tmp_31_7_reg_6036|   32|      0|  32|
    |209|                      tmp_31_reg_5039|   32|      0|  32|
    |210|                    tmp_32_1_reg_5165|   32|      0|  32|
    |211|                    tmp_32_2_reg_5311|   32|      0|  32|
    |212|                    tmp_32_3_reg_5457|   32|      0|  32|
    |213|                    tmp_32_4_reg_5603|   32|      0|  32|
    |214|                    tmp_32_5_reg_5749|   32|      0|  32|
    |215|                    tmp_32_6_reg_5895|   32|      0|  32|
    |216|                    tmp_32_7_reg_6041|   32|      0|  32|
    |217|                      tmp_33_reg_5071|   18|      0|  18|
    |218|                    tmp_35_1_reg_5170|   32|      0|  32|
    |219|                    tmp_35_2_reg_5316|   32|      0|  32|
    |220|                    tmp_35_3_reg_5462|   32|      0|  32|
    |221|                    tmp_35_4_reg_5608|   32|      0|  32|
    |222|                    tmp_35_5_reg_5754|   32|      0|  32|
    |223|                    tmp_35_6_reg_5900|   32|      0|  32|
    |224|                    tmp_35_7_reg_6046|   32|      0|  32|
    |225|                    tmp_36_1_reg_5175|   32|      0|  32|
    |226|                    tmp_36_2_reg_5321|   32|      0|  32|
    |227|                    tmp_36_3_reg_5467|   32|      0|  32|
    |228|                    tmp_36_4_reg_5613|   32|      0|  32|
    |229|                    tmp_36_5_reg_5759|   32|      0|  32|
    |230|                    tmp_36_6_reg_5905|   32|      0|  32|
    |231|                    tmp_36_7_reg_6051|   32|      0|  32|
    |232|                    tmp_39_1_reg_5180|   32|      0|  32|
    |233|                    tmp_39_2_reg_5326|   32|      0|  32|
    |234|                    tmp_39_3_reg_5472|   32|      0|  32|
    |235|                    tmp_39_4_reg_5618|   32|      0|  32|
    |236|                    tmp_39_5_reg_5764|   32|      0|  32|
    |237|                    tmp_39_6_reg_5910|   32|      0|  32|
    |238|                    tmp_39_7_reg_6056|   32|      0|  32|
    |239|                    tmp_40_1_reg_5185|   32|      0|  32|
    |240|                    tmp_40_2_reg_5331|   32|      0|  32|
    |241|                    tmp_40_3_reg_5477|   32|      0|  32|
    |242|                    tmp_40_4_reg_5623|   32|      0|  32|
    |243|                    tmp_40_5_reg_5769|   32|      0|  32|
    |244|                    tmp_40_6_reg_5915|   32|      0|  32|
    |245|                    tmp_40_7_reg_6061|   32|      0|  32|
    |246|                      tmp_44_reg_5140|   18|      0|  18|
    |247|                      tmp_45_reg_5145|   18|      0|  18|
    |248|                      tmp_46_reg_5106|   18|      0|  18|
    |249|                      tmp_47_reg_5111|   18|      0|  18|
    |250|                      tmp_48_reg_5202|   18|      0|  18|
    |251|                      tmp_49_reg_5207|   18|      0|  18|
    |252|                       tmp_4_reg_4890|    1|      0|   1|
    |253|                      tmp_50_reg_5212|   18|      0|  18|
    |254|               tmp_51_1_cast_reg_5096|   32|     28|   4|
    |255|               tmp_51_2_cast_reg_5242|   32|     28|   4|
    |256|               tmp_51_3_cast_reg_5388|   32|     27|   5|
    |257|               tmp_51_4_cast_reg_5534|   32|     28|   4|
    |258|               tmp_51_5_cast_reg_5680|   32|     26|   6|
    |259|               tmp_51_6_cast_reg_5826|   32|     28|   4|
    |260|               tmp_51_7_cast_reg_5972|   32|     26|   6|
    |261|                      tmp_51_reg_5217|   18|      0|  18|
    |262|                      tmp_53_reg_5286|   18|      0|  18|
    |263|                      tmp_54_reg_6193|   32|      0|  32|
    |264|                      tmp_56_reg_5291|   18|      0|  18|
    |265|                      tmp_57_reg_6198|   32|      0|  32|
    |266|                      tmp_58_reg_6203|   32|      0|  32|
    |267|                      tmp_60_reg_5252|   18|      0|  18|
    |268|                      tmp_61_reg_5257|   18|      0|  18|
    |269|                      tmp_62_reg_5348|   18|      0|  18|
    |270|                      tmp_64_reg_5353|   18|      0|  18|
    |271|                      tmp_66_reg_5358|   18|      0|  18|
    |272|                      tmp_67_reg_5363|   18|      0|  18|
    |273|                      tmp_69_reg_5432|   18|      0|  18|
    |274|                      tmp_70_reg_5437|   18|      0|  18|
    |275|                      tmp_71_reg_6218|   32|      0|  32|
    |276|                      tmp_72_reg_6223|   32|      0|  32|
    |277|                      tmp_74_reg_5398|   18|      0|  18|
    |278|                      tmp_75_reg_6228|   32|      0|  32|
    |279|                      tmp_76_reg_6233|   32|      0|  32|
    |280|                      tmp_78_reg_5403|   18|      0|  18|
    |281|                      tmp_79_reg_6238|   32|      0|  32|
    |282|                       tmp_7_reg_4994|   18|      0|  18|
    |283|                      tmp_80_reg_6243|   32|      0|  32|
    |284|                      tmp_82_reg_5494|   18|      0|  18|
    |285|                      tmp_83_reg_6248|   32|      0|  32|
    |286|                      tmp_84_reg_6253|   32|      0|  32|
    |287|                      tmp_86_reg_5499|   18|      0|  18|
    |288|                      tmp_97_reg_5504|   18|      0|  18|
    |289|                      tmp_99_reg_5509|   18|      0|  18|
    |290|                       tmp_s_reg_6188|   32|      0|  32|
    |291|                     uiCommand_fu_306|   32|      0|  32|
    |292|                 x_assign_10_reg_5560|   32|      0|  32|
    |293|                 x_assign_11_reg_5566|   32|      0|  32|
    |294|                 x_assign_12_reg_5706|   32|      0|  32|
    |295|                 x_assign_13_reg_5712|   32|      0|  32|
    |296|                 x_assign_14_reg_5852|   32|      0|  32|
    |297|                 x_assign_15_reg_5858|   32|      0|  32|
    |298|                 x_assign_16_reg_5998|   32|      0|  32|
    |299|                 x_assign_17_reg_6004|   32|      0|  32|
    |300|                  x_assign_1_reg_4976|   32|      0|  32|
    |301|                  x_assign_2_reg_4982|   32|      0|  32|
    |302|                  x_assign_3_reg_5414|   32|      0|  32|
    |303|                  x_assign_4_reg_6170|   32|      0|  32|
    |304|                  x_assign_5_reg_6176|   32|      0|  32|
    |305|                  x_assign_6_reg_5122|   32|      0|  32|
    |306|                  x_assign_7_reg_5128|   32|      0|  32|
    |307|                  x_assign_8_reg_5420|   32|      0|  32|
    |308|                  x_assign_9_reg_5274|   32|      0|  32|
    |309|                  x_assign_s_reg_5268|   32|      0|  32|
    |310|                 y_assign_10_reg_5554|   32|      0|  32|
    |311|                 y_assign_11_reg_5572|   32|      0|  32|
    |312|                 y_assign_12_reg_5700|   32|      0|  32|
    |313|                 y_assign_13_reg_5718|   32|      0|  32|
    |314|                 y_assign_14_reg_5846|   32|      0|  32|
    |315|                 y_assign_15_reg_5864|   32|      0|  32|
    |316|                 y_assign_16_reg_5992|   32|      0|  32|
    |317|                 y_assign_17_reg_6010|   32|      0|  32|
    |318|                  y_assign_1_reg_4988|   32|      0|  32|
    |319|                  y_assign_2_reg_4970|   32|      0|  32|
    |320|                  y_assign_3_reg_5408|   32|      0|  32|
    |321|                  y_assign_4_reg_6182|   32|      0|  32|
    |322|                  y_assign_5_reg_6164|   32|      0|  32|
    |323|                  y_assign_6_reg_5134|   32|      0|  32|
    |324|                  y_assign_7_reg_5116|   32|      0|  32|
    |325|                  y_assign_8_reg_5426|   32|      0|  32|
    |326|                  y_assign_9_reg_5280|   32|      0|  32|
    |327|                  y_assign_s_reg_5262|   32|      0|  32|
    |328|                      z1_1_8_reg_6258|   32|      0|  32|
    |329|                      z3_0_1_reg_5196|   32|      0|  32|
    |330|                      z3_0_2_reg_5342|   32|      0|  32|
    |331|                      z3_0_3_reg_5488|   32|      0|  32|
    |332|                      z3_0_4_reg_5634|   32|      0|  32|
    |333|                      z3_0_5_reg_5780|   32|      0|  32|
    |334|                      z3_0_6_reg_5926|   32|      0|  32|
    |335|                      z3_0_7_reg_6072|   32|      0|  32|
    |336|                      z3_0_8_reg_6270|   32|      0|  32|
    |337|                        z3_0_reg_5050|   32|      0|  32|
    |338|                      z3_1_1_reg_5228|   32|      0|  32|
    |339|                      z3_1_2_reg_5374|   32|      0|  32|
    |340|                      z3_1_3_reg_5520|   32|      0|  32|
    |341|                      z3_1_4_reg_5666|   32|      0|  32|
    |342|                      z3_1_5_reg_5812|   32|      0|  32|
    |343|                      z3_1_6_reg_5958|   32|      0|  32|
    |344|                      z3_1_7_reg_6104|   32|      0|  32|
    |345|                      z3_1_8_reg_6302|   32|      0|  32|
    |346|                        z3_1_reg_5082|   32|      0|  32|
    |347|                      z3_2_1_reg_5222|   32|      0|  32|
    |348|                      z3_2_2_reg_5368|   32|      0|  32|
    |349|                      z3_2_3_reg_5514|   32|      0|  32|
    |350|                      z3_2_4_reg_5660|   32|      0|  32|
    |351|                      z3_2_5_reg_5806|   32|      0|  32|
    |352|                      z3_2_6_reg_5952|   32|      0|  32|
    |353|                      z3_2_7_reg_6098|   32|      0|  32|
    |354|                      z3_2_8_reg_6296|   32|      0|  32|
    |355|                        z3_2_reg_5076|   32|      0|  32|
    |356|                      z3_3_1_reg_5190|   32|      0|  32|
    |357|                      z3_3_2_reg_5336|   32|      0|  32|
    |358|                      z3_3_3_reg_5482|   32|      0|  32|
    |359|                      z3_3_4_reg_5628|   32|      0|  32|
    |360|                      z3_3_5_reg_5774|   32|      0|  32|
    |361|                      z3_3_6_reg_5920|   32|      0|  32|
    |362|                      z3_3_7_reg_6066|   32|      0|  32|
    |363|                      z3_3_8_reg_6264|   32|      0|  32|
    |364|                        z3_3_reg_5044|   32|      0|  32|
    +---+-------------------------------------+-----+-------+----+
    |  -|                                Total| 7584|    686|6898|
    +---+-------------------------------------+-----+-------+----+

    * ShiftMemory: 
    N/A

* Hierarchical Multiplexer Count: 
+---+-----------------------------------------------------+-----+-----+------+
| ID|                                                 Name| Size| Bits| Count|
+---+-----------------------------------------------------+-----+-----+------+
|  0|                                         (This level)|  429|  323|  5072|
|  1|  IDCT_mul_32s_12ns_32_3_U12 (IDCT_mul_32s_12ns_32_3)|    -|    -|     0|
|  2|  IDCT_mul_32s_12ns_32_3_U13 (IDCT_mul_32s_12ns_32_3)|    -|    -|     0|
|  3|  IDCT_mul_32s_12ns_32_3_U20 (IDCT_mul_32s_12ns_32_3)|    -|    -|     0|
|  4|  IDCT_mul_32s_12ns_32_3_U21 (IDCT_mul_32s_12ns_32_3)|    -|    -|     0|
|  5|  IDCT_mul_32s_12ns_32_3_U28 (IDCT_mul_32s_12ns_32_3)|    -|    -|     0|
|  6|  IDCT_mul_32s_12ns_32_3_U29 (IDCT_mul_32s_12ns_32_3)|    -|    -|     0|
|  7|  IDCT_mul_32s_12ns_32_3_U36 (IDCT_mul_32s_12ns_32_3)|    -|    -|     0|
|  8|  IDCT_mul_32s_12ns_32_3_U37 (IDCT_mul_32s_12ns_32_3)|    -|    -|     0|
|  9|  IDCT_mul_32s_12ns_32_3_U44 (IDCT_mul_32s_12ns_32_3)|    -|    -|     0|
| 10|  IDCT_mul_32s_12ns_32_3_U45 (IDCT_mul_32s_12ns_32_3)|    -|    -|     0|
| 11|  IDCT_mul_32s_12ns_32_3_U52 (IDCT_mul_32s_12ns_32_3)|    -|    -|     0|
| 12|  IDCT_mul_32s_12ns_32_3_U53 (IDCT_mul_32s_12ns_32_3)|    -|    -|     0|
| 13|  IDCT_mul_32s_12ns_32_3_U60 (IDCT_mul_32s_12ns_32_3)|    -|    -|     0|
| 14|  IDCT_mul_32s_12ns_32_3_U61 (IDCT_mul_32s_12ns_32_3)|    -|    -|     0|
| 15|  IDCT_mul_32s_12ns_32_3_U68 (IDCT_mul_32s_12ns_32_3)|    -|    -|     0|
| 16|  IDCT_mul_32s_12ns_32_3_U69 (IDCT_mul_32s_12ns_32_3)|    -|    -|     0|
| 17|  IDCT_mul_32s_12ns_32_3_U82 (IDCT_mul_32s_12ns_32_3)|    -|    -|     0|
| 18|  IDCT_mul_32s_12ns_32_3_U83 (IDCT_mul_32s_12ns_32_3)|    -|    -|     0|
| 19|  IDCT_mul_32s_14ns_32_3_U10 (IDCT_mul_32s_14ns_32_3)|    -|    -|     0|
| 20|  IDCT_mul_32s_14ns_32_3_U11 (IDCT_mul_32s_14ns_32_3)|    -|    -|     0|
| 21|  IDCT_mul_32s_14ns_32_3_U14 (IDCT_mul_32s_14ns_32_3)|    -|    -|     0|
| 22|  IDCT_mul_32s_14ns_32_3_U15 (IDCT_mul_32s_14ns_32_3)|    -|    -|     0|
| 23|  IDCT_mul_32s_14ns_32_3_U16 (IDCT_mul_32s_14ns_32_3)|    -|    -|     0|
| 24|  IDCT_mul_32s_14ns_32_3_U17 (IDCT_mul_32s_14ns_32_3)|    -|    -|     0|
| 25|  IDCT_mul_32s_14ns_32_3_U18 (IDCT_mul_32s_14ns_32_3)|    -|    -|     0|
| 26|  IDCT_mul_32s_14ns_32_3_U19 (IDCT_mul_32s_14ns_32_3)|    -|    -|     0|
| 27|  IDCT_mul_32s_14ns_32_3_U22 (IDCT_mul_32s_14ns_32_3)|    -|    -|     0|
| 28|  IDCT_mul_32s_14ns_32_3_U23 (IDCT_mul_32s_14ns_32_3)|    -|    -|     0|
| 29|  IDCT_mul_32s_14ns_32_3_U24 (IDCT_mul_32s_14ns_32_3)|    -|    -|     0|
| 30|  IDCT_mul_32s_14ns_32_3_U25 (IDCT_mul_32s_14ns_32_3)|    -|    -|     0|
| 31|  IDCT_mul_32s_14ns_32_3_U26 (IDCT_mul_32s_14ns_32_3)|    -|    -|     0|
| 32|  IDCT_mul_32s_14ns_32_3_U27 (IDCT_mul_32s_14ns_32_3)|    -|    -|     0|
| 33|   IDCT_mul_32s_14ns_32_3_U3 (IDCT_mul_32s_14ns_32_3)|    -|    -|     0|
| 34|  IDCT_mul_32s_14ns_32_3_U30 (IDCT_mul_32s_14ns_32_3)|    -|    -|     0|
| 35|  IDCT_mul_32s_14ns_32_3_U31 (IDCT_mul_32s_14ns_32_3)|    -|    -|     0|
| 36|  IDCT_mul_32s_14ns_32_3_U32 (IDCT_mul_32s_14ns_32_3)|    -|    -|     0|
| 37|  IDCT_mul_32s_14ns_32_3_U33 (IDCT_mul_32s_14ns_32_3)|    -|    -|     0|
| 38|  IDCT_mul_32s_14ns_32_3_U34 (IDCT_mul_32s_14ns_32_3)|    -|    -|     0|
| 39|  IDCT_mul_32s_14ns_32_3_U35 (IDCT_mul_32s_14ns_32_3)|    -|    -|     0|
| 40|  IDCT_mul_32s_14ns_32_3_U38 (IDCT_mul_32s_14ns_32_3)|    -|    -|     0|
| 41|  IDCT_mul_32s_14ns_32_3_U39 (IDCT_mul_32s_14ns_32_3)|    -|    -|     0|
| 42|  IDCT_mul_32s_14ns_32_3_U40 (IDCT_mul_32s_14ns_32_3)|    -|    -|     0|
| 43|  IDCT_mul_32s_14ns_32_3_U41 (IDCT_mul_32s_14ns_32_3)|    -|    -|     0|
| 44|  IDCT_mul_32s_14ns_32_3_U42 (IDCT_mul_32s_14ns_32_3)|    -|    -|     0|
| 45|  IDCT_mul_32s_14ns_32_3_U43 (IDCT_mul_32s_14ns_32_3)|    -|    -|     0|
| 46|  IDCT_mul_32s_14ns_32_3_U46 (IDCT_mul_32s_14ns_32_3)|    -|    -|     0|
| 47|  IDCT_mul_32s_14ns_32_3_U47 (IDCT_mul_32s_14ns_32_3)|    -|    -|     0|
| 48|  IDCT_mul_32s_14ns_32_3_U48 (IDCT_mul_32s_14ns_32_3)|    -|    -|     0|
| 49|  IDCT_mul_32s_14ns_32_3_U49 (IDCT_mul_32s_14ns_32_3)|    -|    -|     0|
| 50|  IDCT_mul_32s_14ns_32_3_U50 (IDCT_mul_32s_14ns_32_3)|    -|    -|     0|
| 51|  IDCT_mul_32s_14ns_32_3_U51 (IDCT_mul_32s_14ns_32_3)|    -|    -|     0|
| 52|  IDCT_mul_32s_14ns_32_3_U54 (IDCT_mul_32s_14ns_32_3)|    -|    -|     0|
| 53|  IDCT_mul_32s_14ns_32_3_U55 (IDCT_mul_32s_14ns_32_3)|    -|    -|     0|
| 54|  IDCT_mul_32s_14ns_32_3_U56 (IDCT_mul_32s_14ns_32_3)|    -|    -|     0|
| 55|  IDCT_mul_32s_14ns_32_3_U57 (IDCT_mul_32s_14ns_32_3)|    -|    -|     0|
| 56|  IDCT_mul_32s_14ns_32_3_U58 (IDCT_mul_32s_14ns_32_3)|    -|    -|     0|
| 57|  IDCT_mul_32s_14ns_32_3_U59 (IDCT_mul_32s_14ns_32_3)|    -|    -|     0|
| 58|   IDCT_mul_32s_14ns_32_3_U6 (IDCT_mul_32s_14ns_32_3)|    -|    -|     0|
| 59|  IDCT_mul_32s_14ns_32_3_U62 (IDCT_mul_32s_14ns_32_3)|    -|    -|     0|
| 60|  IDCT_mul_32s_14ns_32_3_U63 (IDCT_mul_32s_14ns_32_3)|    -|    -|     0|
| 61|  IDCT_mul_32s_14ns_32_3_U64 (IDCT_mul_32s_14ns_32_3)|    -|    -|     0|
| 62|  IDCT_mul_32s_14ns_32_3_U65 (IDCT_mul_32s_14ns_32_3)|    -|    -|     0|
| 63|  IDCT_mul_32s_14ns_32_3_U66 (IDCT_mul_32s_14ns_32_3)|    -|    -|     0|
| 64|  IDCT_mul_32s_14ns_32_3_U67 (IDCT_mul_32s_14ns_32_3)|    -|    -|     0|
| 65|   IDCT_mul_32s_14ns_32_3_U7 (IDCT_mul_32s_14ns_32_3)|    -|    -|     0|
| 66|  IDCT_mul_32s_14ns_32_3_U70 (IDCT_mul_32s_14ns_32_3)|    -|    -|     0|
| 67|  IDCT_mul_32s_14ns_32_3_U73 (IDCT_mul_32s_14ns_32_3)|    -|    -|     0|
| 68|  IDCT_mul_32s_14ns_32_3_U76 (IDCT_mul_32s_14ns_32_3)|    -|    -|     0|
| 69|  IDCT_mul_32s_14ns_32_3_U77 (IDCT_mul_32s_14ns_32_3)|    -|    -|     0|
| 70|  IDCT_mul_32s_14ns_32_3_U78 (IDCT_mul_32s_14ns_32_3)|    -|    -|     0|
| 71|  IDCT_mul_32s_14ns_32_3_U79 (IDCT_mul_32s_14ns_32_3)|    -|    -|     0|
| 72|   IDCT_mul_32s_14ns_32_3_U8 (IDCT_mul_32s_14ns_32_3)|    -|    -|     0|
| 73|  IDCT_mul_32s_14ns_32_3_U80 (IDCT_mul_32s_14ns_32_3)|    -|    -|     0|
| 74|  IDCT_mul_32s_14ns_32_3_U81 (IDCT_mul_32s_14ns_32_3)|    -|    -|     0|
| 75|  IDCT_mul_32s_14ns_32_3_U84 (IDCT_mul_32s_14ns_32_3)|    -|    -|     0|
| 76|   IDCT_mul_32s_14ns_32_3_U9 (IDCT_mul_32s_14ns_32_3)|    -|    -|     0|
| 77|   IDCT_mul_32s_15ns_32_3_U1 (IDCT_mul_32s_15ns_32_3)|    -|    -|     0|
| 78|   IDCT_mul_32s_15ns_32_3_U2 (IDCT_mul_32s_15ns_32_3)|    -|    -|     0|
| 79|   IDCT_mul_32s_15ns_32_3_U4 (IDCT_mul_32s_15ns_32_3)|    -|    -|     0|
| 80|   IDCT_mul_32s_15ns_32_3_U5 (IDCT_mul_32s_15ns_32_3)|    -|    -|     0|
| 81|  IDCT_mul_32s_15ns_32_3_U71 (IDCT_mul_32s_15ns_32_3)|    -|    -|     0|
| 82|  IDCT_mul_32s_15ns_32_3_U72 (IDCT_mul_32s_15ns_32_3)|    -|    -|     0|
| 83|  IDCT_mul_32s_15ns_32_3_U74 (IDCT_mul_32s_15ns_32_3)|    -|    -|     0|
| 84|  IDCT_mul_32s_15ns_32_3_U75 (IDCT_mul_32s_15ns_32_3)|    -|    -|     0|
+---+-----------------------------------------------------+-----+-----+------+
|  -|                                                Total|  429|  323|  5072|
+---+-----------------------------------------------------+-----+-----+------+



================================================================
== Power Estimate
================================================================
* Summary: 
+---+-------------+------+
| ID|         Name| Power|
+---+-------------+------+
|  0|    Component|    16|
|  1|   Expression|   649|
|  2|         FIFO|     -|
|  3|       Memory|     -|
|  4|  Multiplexer|   160|
|  5|     Register|   689|
|  6|  ShiftMemory|     -|
+---+-------------+------+
|  -|        Total|  1514|
+---+-------------+------+

* Hierarchical Register Count: 
+---+--------------+------+
| ID|          Name| Count|
+---+--------------+------+
|  0|  (This level)|  6898|
+---+--------------+------+
|  -|         Total|  6898|
+---+--------------+------+



================================================================
== Interface Summary
================================================================
* Interfaces: 
+---+--------------------------+-------------------+--------------+------+------------+----------+-----+-----+
| ID|                 RTL Ports|             Object|          Type| Scope| IO Protocol| IO Config|  Dir| Bits|
+---+--------------------------+-------------------+--------------+------+------------+----------+-----+-----+
|  0|                    ap_clk|       IDCT::thread|  return value|     -|           -|         -|   in|    1|
|  1|                    ap_rst|                  -|             -|     -|           -|         -|   in|    1|
|  2|          ReadEnablePort_0|   ReadEnablePort_0|       pointer|     -|      ap_vld|         -|  out|    1|
|  3|   ReadEnablePort_0_ap_vld|                  -|             -|     -|           -|         -|  out|    1|
|  4|           ReadEmptyPort_0|    ReadEmptyPort_0|       pointer|     -|     ap_none|         -|   in|    1|
|  5|            ReadDataPort_0|     ReadDataPort_0|       pointer|     -|     ap_none|         -|   in|   32|
|  6|         WriteEnablePort_0|  WriteEnablePort_0|       pointer|     -|      ap_vld|         -|  out|    1|
|  7|  WriteEnablePort_0_ap_vld|                  -|             -|     -|           -|         -|  out|    1|
|  8|           WriteFullPort_0|    WriteFullPort_0|       pointer|     -|     ap_none|         -|   in|    1|
|  9|           WriteDataPort_0|    WriteDataPort_0|       pointer|     -|      ap_vld|         -|  out|   32|
| 10|    WriteDataPort_0_ap_vld|                  -|             -|     -|           -|         -|  out|    1|
| 11|          ReadEnablePort_1|   ReadEnablePort_1|       pointer|     -|      ap_vld|         -|  out|    1|
| 12|   ReadEnablePort_1_ap_vld|                  -|             -|     -|           -|         -|  out|    1|
| 13|           ReadEmptyPort_1|    ReadEmptyPort_1|       pointer|     -|     ap_none|         -|   in|    1|
| 14|            ReadDataPort_1|     ReadDataPort_1|       pointer|     -|     ap_none|         -|   in|   32|
+---+--------------------------+-------------------+--------------+------+------------+----------+-----+-----+

